../Core/Src/main.c:93:1:__io_putchar	16	static
../Core/Src/main.c:105:6:myprintf	16	static
../Core/Src/main.c:116:6:send_message	56	dynamic
../Core/Src/main.c:145:5:main	56	static
../Core/Src/main.c:268:6:SystemClock_Config	96	static
../Core/Src/main.c:329:13:MX_SPI1_Init	8	static
../Core/Src/main.c:369:13:MX_USART1_UART_Init	8	static
../Core/Src/main.c:404:13:MX_USART2_UART_Init	8	static
../Core/Src/main.c:439:13:MX_GPIO_Init	40	static
../Core/Src/main.c:482:6:Error_Handler	4	static,ignoring_inline_asm
